2025-04-21 09:39:36 info: Loaded model: employee.js
2025-04-21 09:39:36 info: Loaded model: user.js
2025-04-21 09:39:36 info: Loaded route: auth.js
2025-04-21 09:39:36 info: Loaded route: employee.js
2025-04-21 09:39:36 info: Loaded route: user.js
2025-04-21 09:39:36 info: Database connection has been established successfully.
2025-04-21 09:39:36 info: 🚀 Server Running On Port 5000
2025-04-21 10:58:10 info: Loaded model: employee.js
2025-04-21 10:58:10 error: Error loading models: Error: Cannot find module 'C:\project2\server\models/../config/config.json'
Require stack:
- C:\project2\server\models\index.js
- C:\project2\server\server.js
2025-04-21 10:58:10 info: Loaded route: auth.js
2025-04-21 10:58:10 info: Loaded route: employee.js
2025-04-21 10:58:10 info: Loaded route: user.js
2025-04-21 10:58:10 info: 🚀 Server Running On Port 4406
2025-04-21 10:58:10 info: Database connection has been established successfully.
2025-04-21 11:00:38 info: Loaded model: employee.js
2025-04-21 11:00:38 info: Loaded model: RefreshToken.js
2025-04-21 11:00:38 info: Loaded model: user.js
2025-04-21 11:00:38 info: Loaded route: auth.js
2025-04-21 11:00:38 info: Loaded route: employee.js
2025-04-21 11:00:38 info: Loaded route: user.js
2025-04-21 11:00:38 info: 🚀 Server Running On Port 4406
2025-04-21 11:00:38 info: Database connection has been established successfully.
2025-04-21 11:02:02 info: Loaded model: employee.js
2025-04-21 11:02:02 info: Loaded model: RefreshToken.js
2025-04-21 11:02:02 info: Loaded model: user.js
2025-04-21 11:02:02 info: Loaded route: auth.js
2025-04-21 11:02:02 info: Loaded route: employee.js
2025-04-21 11:02:02 info: Loaded route: user.js
2025-04-21 11:02:02 info: 🚀 Server Running On Port 4406
2025-04-21 11:02:02 info: Database connection has been established successfully.
2025-04-21 11:05:25 info: Loaded model: employee.js
2025-04-21 11:05:25 info: Loaded model: RefreshToken.js
2025-04-21 11:05:25 info: Loaded model: user.js
2025-04-21 11:05:25 error: SequelizeAssociationError: You have used the alias refreshTokens in two separate associations. Aliased associations must have unique aliases.
    at new Association (C:\project2\server\node_modules\sequelize\lib\associations\base.js:13:13)
    at new HasMany (C:\project2\server\node_modules\sequelize\lib\associations\has-many.js:28:5)
    at users.hasMany (C:\project2\server\node_modules\sequelize\lib\associations\mixin.js:22:25)
    at Object.<anonymous> (C:\project2\server\models\refreshToken.js:43:6)
    at Module._compile (node:internal/modules/cjs/loader:1554:14)
    at Object..js (node:internal/modules/cjs/loader:1706:10)
    at Module.load (node:internal/modules/cjs/loader:1289:32)
    at Function._load (node:internal/modules/cjs/loader:1108:12)
    at TracingChannel.traceSync (node:diagnostics_channel:322:14)
    at wrapModuleLoad (node:internal/modules/cjs/loader:220:24)
2025-04-21 11:05:25 info: 🚀 Server Running On Port 4406
2025-04-21 11:05:26 info: Database connection has been established successfully.
2025-04-21 11:11:28 info: Loaded model: employee.js
2025-04-21 11:11:28 info: Loaded model: RefreshToken.js
2025-04-21 11:11:28 info: Loaded model: user.js
2025-04-21 11:11:28 error: SequelizeAssociationError: You have used the alias refreshTokens in two separate associations. Aliased associations must have unique aliases.
    at new Association (C:\project2\server\node_modules\sequelize\lib\associations\base.js:13:13)
    at new HasMany (C:\project2\server\node_modules\sequelize\lib\associations\has-many.js:28:5)
    at users.hasMany (C:\project2\server\node_modules\sequelize\lib\associations\mixin.js:22:25)
    at Object.<anonymous> (C:\project2\server\models\refreshToken.js:43:6)
    at Module._compile (node:internal/modules/cjs/loader:1554:14)
    at Object..js (node:internal/modules/cjs/loader:1706:10)
    at Module.load (node:internal/modules/cjs/loader:1289:32)
    at Function._load (node:internal/modules/cjs/loader:1108:12)
    at TracingChannel.traceSync (node:diagnostics_channel:322:14)
    at wrapModuleLoad (node:internal/modules/cjs/loader:220:24)
2025-04-21 11:11:28 info: 🚀 Server Running On Port 4406
2025-04-21 11:11:28 info: Database connection has been established successfully.
2025-04-21 11:36:19 info: Loaded model: employee.js
2025-04-21 11:36:19 error: Error loading models: SequelizeAssociationError: You have used the alias refreshTokens in two separate associations. Aliased associations must have unique aliases.
2025-04-21 11:36:19 info: Loaded route: auth.js
2025-04-21 11:36:19 info: Loaded route: employee.js
2025-04-21 11:36:19 info: Loaded route: user.js
2025-04-21 11:36:19 info: 🚀 Server Running On Port 4406
2025-04-21 11:36:19 info: Database connection has been established successfully.
2025-04-21 11:39:02 info: Loaded model: employee.js
2025-04-21 11:39:02 error: Error loading models: SequelizeAssociationError: You have used the alias refreshTokens in two separate associations. Aliased associations must have unique aliases.
2025-04-21 11:39:02 info: Loaded route: auth.js
2025-04-21 11:39:02 info: Loaded route: employee.js
2025-04-21 11:39:02 info: Loaded route: user.js
2025-04-21 11:39:02 info: 🚀 Server Running On Port 4406
2025-04-21 11:39:02 info: Database connection has been established successfully.
2025-04-21 11:41:14 info: Loaded model: employee.js
2025-04-21 11:41:14 info: Loaded model: RefreshToken.js
2025-04-21 11:41:14 info: Loaded model: user.js
2025-04-21 11:41:14 info: Loaded route: auth.js
2025-04-21 11:41:14 info: Loaded route: employee.js
2025-04-21 11:41:14 info: Loaded route: user.js
2025-04-21 11:41:14 info: 🚀 Server Running On Port 4406
2025-04-21 11:41:14 info: Database connection has been established successfully.
2025-04-21 11:41:31 error: Error loading models: Error: employee.belongsTo called with something that's not a subclass of Sequelize.Model
2025-04-21 11:41:31 info: Loaded route: auth.js
2025-04-21 11:41:31 error: Error: employee.belongsTo called with something that's not a subclass of Sequelize.Model
    at employee.<anonymous> (C:\project2\server\node_modules\sequelize\lib\associations\mixin.js:63:13)
    at Object.<anonymous> (C:\project2\server\models\employee.js:34:10)
    at Module._compile (node:internal/modules/cjs/loader:1554:14)
    at Object..js (node:internal/modules/cjs/loader:1706:10)
    at Module.load (node:internal/modules/cjs/loader:1289:32)
    at Function._load (node:internal/modules/cjs/loader:1108:12)
    at TracingChannel.traceSync (node:diagnostics_channel:322:14)
    at wrapModuleLoad (node:internal/modules/cjs/loader:220:24)
    at Module.require (node:internal/modules/cjs/loader:1311:12)
    at require (node:internal/modules/helpers:136:16)
2025-04-21 11:41:31 info: 🚀 Server Running On Port 4406
2025-04-21 11:41:32 info: Database connection has been established successfully.
2025-04-21 11:42:54 error: Error loading models: Error: employee.belongsTo called with something that's not a subclass of Sequelize.Model
2025-04-21 11:42:54 info: Loaded route: auth.js
2025-04-21 11:42:54 error: Error: employee.belongsTo called with something that's not a subclass of Sequelize.Model
    at employee.<anonymous> (C:\project2\server\node_modules\sequelize\lib\associations\mixin.js:63:13)
    at Object.<anonymous> (C:\project2\server\models\employee.js:34:10)
    at Module._compile (node:internal/modules/cjs/loader:1554:14)
    at Object..js (node:internal/modules/cjs/loader:1706:10)
    at Module.load (node:internal/modules/cjs/loader:1289:32)
    at Function._load (node:internal/modules/cjs/loader:1108:12)
    at TracingChannel.traceSync (node:diagnostics_channel:322:14)
    at wrapModuleLoad (node:internal/modules/cjs/loader:220:24)
    at Module.require (node:internal/modules/cjs/loader:1311:12)
    at require (node:internal/modules/helpers:136:16)
2025-04-21 11:42:54 info: 🚀 Server Running On Port 4406
2025-04-21 11:42:54 info: Database connection has been established successfully.
2025-04-21 11:44:24 error: Error loading models: Error: employee.belongsTo called with something that's not a subclass of Sequelize.Model
2025-04-21 11:44:24 info: Loaded route: auth.js
2025-04-21 11:44:24 error: Error: employee.belongsTo called with something that's not a subclass of Sequelize.Model
    at employee.<anonymous> (C:\project2\server\node_modules\sequelize\lib\associations\mixin.js:63:13)
    at Object.<anonymous> (C:\project2\server\models\employee.js:34:10)
    at Module._compile (node:internal/modules/cjs/loader:1554:14)
    at Object..js (node:internal/modules/cjs/loader:1706:10)
    at Module.load (node:internal/modules/cjs/loader:1289:32)
    at Function._load (node:internal/modules/cjs/loader:1108:12)
    at TracingChannel.traceSync (node:diagnostics_channel:322:14)
    at wrapModuleLoad (node:internal/modules/cjs/loader:220:24)
    at Module.require (node:internal/modules/cjs/loader:1311:12)
    at require (node:internal/modules/helpers:136:16)
2025-04-21 11:44:24 info: 🚀 Server Running On Port 4406
2025-04-21 11:44:24 info: Database connection has been established successfully.
2025-04-21 11:44:52 error: Error loading models: Error: employee.belongsTo called with something that's not a subclass of Sequelize.Model
2025-04-21 11:44:52 info: Loaded route: auth.js
2025-04-21 11:44:52 error: Error: employee.belongsTo called with something that's not a subclass of Sequelize.Model
    at employee.<anonymous> (C:\project2\server\node_modules\sequelize\lib\associations\mixin.js:63:13)
    at Object.<anonymous> (C:\project2\server\models\employee.js:34:10)
    at Module._compile (node:internal/modules/cjs/loader:1554:14)
    at Object..js (node:internal/modules/cjs/loader:1706:10)
    at Module.load (node:internal/modules/cjs/loader:1289:32)
    at Function._load (node:internal/modules/cjs/loader:1108:12)
    at TracingChannel.traceSync (node:diagnostics_channel:322:14)
    at wrapModuleLoad (node:internal/modules/cjs/loader:220:24)
    at Module.require (node:internal/modules/cjs/loader:1311:12)
    at require (node:internal/modules/helpers:136:16)
2025-04-21 11:44:52 info: 🚀 Server Running On Port 4406
2025-04-21 11:44:52 info: Database connection has been established successfully.
2025-04-21 11:44:57 error: Error loading models: Error: employee.belongsTo called with something that's not a subclass of Sequelize.Model
2025-04-21 11:44:57 info: Loaded route: auth.js
2025-04-21 11:44:57 error: Error: employee.belongsTo called with something that's not a subclass of Sequelize.Model
    at employee.<anonymous> (C:\project2\server\node_modules\sequelize\lib\associations\mixin.js:63:13)
    at Object.<anonymous> (C:\project2\server\models\employee.js:34:10)
    at Module._compile (node:internal/modules/cjs/loader:1554:14)
    at Object..js (node:internal/modules/cjs/loader:1706:10)
    at Module.load (node:internal/modules/cjs/loader:1289:32)
    at Function._load (node:internal/modules/cjs/loader:1108:12)
    at TracingChannel.traceSync (node:diagnostics_channel:322:14)
    at wrapModuleLoad (node:internal/modules/cjs/loader:220:24)
    at Module.require (node:internal/modules/cjs/loader:1311:12)
    at require (node:internal/modules/helpers:136:16)
2025-04-21 11:44:57 info: 🚀 Server Running On Port 4406
2025-04-21 11:44:57 info: Database connection has been established successfully.
2025-04-21 11:58:13 info: Loading routes...
2025-04-21 11:58:13 info: Loaded route: auth.js mounted under /api
2025-04-21 11:58:13 info: Loaded route: employee.js mounted under /api
2025-04-21 11:58:13 info: Loaded route: user.js mounted under /api
2025-04-21 11:58:13 info: Finished loading routes.
2025-04-21 11:58:13 info: 🚀 Server Running On Port 4406
2025-04-21 11:58:13 info: Database connection verified successfully via models/index.js.
2025-04-21 11:58:17 info: Loading routes...
2025-04-21 11:58:17 info: Loaded route: auth.js mounted under /api
2025-04-21 11:58:17 info: Loaded route: employee.js mounted under /api
2025-04-21 11:58:17 info: Loaded route: user.js mounted under /api
2025-04-21 11:58:17 info: Finished loading routes.
2025-04-21 11:58:17 info: 🚀 Server Running On Port 4406
2025-04-21 11:58:17 info: Database connection verified successfully via models/index.js.
2025-04-21 12:00:01 info: Loading routes...
2025-04-21 12:00:01 info: Loaded route: auth.js mounted under /api
2025-04-21 12:00:01 info: Loaded route: employee.js mounted under /api
2025-04-21 12:00:01 info: Loaded route: user.js mounted under /api
2025-04-21 12:00:01 info: Finished loading routes.
2025-04-21 12:00:01 info: 🚀 Server Running On Port 4406
2025-04-21 12:00:01 info: Database connection verified successfully via models/index.js.
2025-04-21 12:00:26 info: Loading routes...
2025-04-21 12:00:26 info: Loaded route: auth.js mounted under /api
2025-04-21 12:00:26 info: Loaded route: employee.js mounted under /api
2025-04-21 12:00:26 info: Loaded route: user.js mounted under /api
2025-04-21 12:00:26 info: Finished loading routes.
2025-04-21 12:00:26 info: 🚀 Server Running On Port 4406
2025-04-21 12:00:26 info: Database connection verified successfully via models/index.js.
2025-04-21 12:03:05 info: Login attempt for email: test2@gmail.com
2025-04-21 12:03:05 error: Error
    at Query.run (C:\project2\server\node_modules\sequelize\lib\dialects\mariadb\query.js:53:25)
    at C:\project2\server\node_modules\sequelize\lib\sequelize.js:315:28
    at process.processTicksAndRejections (node:internal/process/task_queues:105:5)
    at async MySQLQueryInterface.select (C:\project2\server\node_modules\sequelize\lib\dialects\abstract\query-interface.js:407:12)
    at async User.findAll (C:\project2\server\node_modules\sequelize\lib\model.js:1140:21)
    at async User.findOne (C:\project2\server\node_modules\sequelize\lib\model.js:1240:12)
    at async exports.login (C:\project2\server\Controllers\auth.js:42:18)
2025-04-21 12:03:05 error: Error
    at Query.run (C:\project2\server\node_modules\sequelize\lib\dialects\mariadb\query.js:53:25)
    at C:\project2\server\node_modules\sequelize\lib\sequelize.js:315:28
    at process.processTicksAndRejections (node:internal/process/task_queues:105:5)
    at async MySQLQueryInterface.select (C:\project2\server\node_modules\sequelize\lib\dialects\abstract\query-interface.js:407:12)
    at async User.findAll (C:\project2\server\node_modules\sequelize\lib\model.js:1140:21)
    at async User.findOne (C:\project2\server\node_modules\sequelize\lib\model.js:1240:12)
    at async exports.login (C:\project2\server\Controllers\auth.js:42:18)
2025-04-21 12:03:22 info: Loading routes...
2025-04-21 12:03:22 info: Loaded route: auth.js mounted under /api
2025-04-21 12:03:22 info: Loaded route: employee.js mounted under /api
2025-04-21 12:03:22 info: Loaded route: user.js mounted under /api
2025-04-21 12:03:22 info: Finished loading routes.
2025-04-21 12:03:22 info: 🚀 Server Running On Port 5000
2025-04-21 12:03:22 info: Database connection verified successfully via models/index.js.
2025-04-21 12:03:27 info: Login attempt for email: test2@gmail.com
2025-04-21 12:03:27 error: Error
    at Query.run (C:\project2\server\node_modules\sequelize\lib\dialects\mariadb\query.js:53:25)
    at C:\project2\server\node_modules\sequelize\lib\sequelize.js:315:28
    at process.processTicksAndRejections (node:internal/process/task_queues:105:5)
    at async MySQLQueryInterface.select (C:\project2\server\node_modules\sequelize\lib\dialects\abstract\query-interface.js:407:12)
    at async User.findAll (C:\project2\server\node_modules\sequelize\lib\model.js:1140:21)
    at async User.findOne (C:\project2\server\node_modules\sequelize\lib\model.js:1240:12)
    at async exports.login (C:\project2\server\Controllers\auth.js:42:18)
2025-04-21 12:03:27 error: Error
    at Query.run (C:\project2\server\node_modules\sequelize\lib\dialects\mariadb\query.js:53:25)
    at C:\project2\server\node_modules\sequelize\lib\sequelize.js:315:28
    at process.processTicksAndRejections (node:internal/process/task_queues:105:5)
    at async MySQLQueryInterface.select (C:\project2\server\node_modules\sequelize\lib\dialects\abstract\query-interface.js:407:12)
    at async User.findAll (C:\project2\server\node_modules\sequelize\lib\model.js:1140:21)
    at async User.findOne (C:\project2\server\node_modules\sequelize\lib\model.js:1240:12)
    at async exports.login (C:\project2\server\Controllers\auth.js:42:18)
2025-04-21 12:05:21 info: Loading routes...
2025-04-21 12:05:21 info: Loaded route: auth.js mounted under /api
2025-04-21 12:05:21 info: Loaded route: employee.js mounted under /api
2025-04-21 12:05:21 info: Loaded route: user.js mounted under /api
2025-04-21 12:05:21 info: Finished loading routes.
2025-04-21 12:05:21 info: 🚀 Server Running On Port 5000
2025-04-21 12:05:21 info: Database connection verified successfully via models/index.js.
2025-04-21 12:06:14 info: Login attempt for email: test2@gmail.com
2025-04-21 12:06:14 info: Refresh token created for user ID: 2
2025-04-21 13:02:11 info: Login attempt for email: test2@gmail.com
2025-04-21 13:02:11 info: Refresh token created for user ID: 2
2025-04-21 13:03:14 info: Access token refreshed successfully for user ID: 2
2025-04-21 13:19:39 info: Login attempt for email: test2@gmail.com
2025-04-21 13:19:40 info: Refresh token created for user ID: 2
2025-04-21 13:20:59 info: Login attempt for email: test2@gmail.com
2025-04-21 13:20:59 info: Refresh token created for user ID: 2
2025-04-21 13:22:07 info: Login attempt for email: test2@gmail.com
2025-04-21 13:22:07 info: Refresh token created for user ID: 2
2025-04-21 13:22:57 info: Login attempt for email: test2@gmail.com
2025-04-21 13:22:58 info: Refresh token created for user ID: 2
2025-04-21 13:24:18 info: Login attempt for email: test2@gmail.com
2025-04-21 13:24:18 info: Refresh token created for user ID: 2
2025-04-21 13:24:30 info: Login attempt for email: test2@gmail.com
2025-04-21 13:24:30 info: Refresh token created for user ID: 2
2025-04-21 13:29:58 info: Login attempt for email: test2@gmail.com
2025-04-21 13:29:58 info: Refresh token created for user ID: 2
2025-04-21 13:32:28 info: Login attempt for email: test2@gmail.com
2025-04-21 13:32:28 info: Refresh token created for user ID: 2
2025-04-21 13:32:33 info: Login attempt for email: test2@gmail.com
2025-04-21 13:32:33 info: Refresh token created for user ID: 2
2025-04-21 13:32:43 info: Login attempt for email: test2@gmail.com
2025-04-21 13:32:43 info: Refresh token created for user ID: 2
2025-04-21 13:38:08 info: Login attempt for email: test2@gmail.com
2025-04-21 13:38:09 info: Refresh token created for user ID: 2
2025-04-21 13:38:27 info: Login attempt for email: test2@gmail.com
2025-04-21 13:38:28 info: Refresh token created for user ID: 2
2025-04-21 13:45:15 info: Loading routes...
2025-04-21 13:45:15 info: Loaded route: auth.js mounted under /api
2025-04-21 13:45:15 info: Loaded route: employee.js mounted under /api
2025-04-21 13:45:15 info: Loaded route: user.js mounted under /api
2025-04-21 13:45:15 info: Finished loading routes.
2025-04-21 13:45:15 info: 🚀 Server Running On Port 5000
2025-04-21 13:45:15 info: Database connection verified successfully via models/index.js.
2025-04-21 13:47:41 info: Loading routes...
2025-04-21 13:47:41 info: Loaded route: auth.js mounted under /api
2025-04-21 13:47:41 info: Loaded route: employee.js mounted under /api
2025-04-21 13:47:41 info: Loaded route: user.js mounted under /api
2025-04-21 13:47:41 info: Finished loading routes.
2025-04-21 13:47:41 info: 🚀 Server Running On Port 5000
2025-04-21 13:47:42 info: Database connection verified successfully via models/index.js.
2025-04-21 13:47:44 info: Loading routes...
2025-04-21 13:47:44 info: Loaded route: auth.js mounted under /api
2025-04-21 13:47:44 info: Loaded route: employee.js mounted under /api
2025-04-21 13:47:44 info: Loaded route: user.js mounted under /api
2025-04-21 13:47:44 info: Finished loading routes.
2025-04-21 13:47:44 info: 🚀 Server Running On Port 5000
2025-04-21 13:47:44 info: Database connection verified successfully via models/index.js.
2025-04-21 13:50:02 info: Loading routes...
2025-04-21 13:50:02 info: Loaded route: auth.js mounted under /api
2025-04-21 13:50:02 info: Loaded route: employee.js mounted under /api
2025-04-21 13:50:02 info: Loaded route: user.js mounted under /api
2025-04-21 13:50:02 info: Finished loading routes.
2025-04-21 13:50:02 info: 🚀 Server Running On Port 5000
2025-04-21 13:50:02 info: Database connection verified successfully via models/index.js.
2025-04-21 13:50:48 info: Loading routes...
2025-04-21 13:50:48 info: Loaded route: auth.js mounted under /api
2025-04-21 13:50:48 info: Loaded route: employee.js mounted under /api
2025-04-21 13:50:48 info: Loaded route: user.js mounted under /api
2025-04-21 13:50:48 info: Finished loading routes.
2025-04-21 13:50:48 info: 🚀 Server Running On Port 5000
2025-04-21 13:50:49 info: Database connection verified successfully via models/index.js.
2025-04-21 13:51:02 info: Login attempt for email: test2@gmail.com
2025-04-21 13:51:02 info: Refresh token created for user ID: 2
2025-04-21 13:55:37 info: Loading routes...
2025-04-21 13:55:37 info: Loaded route: auth.js mounted under /api
2025-04-21 13:55:37 info: Loaded route: employee.js mounted under /api
2025-04-21 13:55:37 info: Loaded route: user.js mounted under /api
2025-04-21 13:55:37 info: Finished loading routes.
2025-04-21 13:55:37 info: 🚀 Server Running On Port 5000
2025-04-21 13:55:37 info: Database connection verified successfully via models/index.js.
2025-04-21 13:55:49 info: Login attempt for email: test2@gmail.com
2025-04-21 13:55:49 info: Refresh token created for user ID: 2
2025-04-21 13:56:04 info: Login attempt for email: test1@gmail.com
2025-04-21 13:56:04 info: Refresh token created for user ID: 1
2025-04-21 13:56:55 info: Login attempt for email: test1@gmail.com
2025-04-21 13:56:55 info: Refresh token created for user ID: 1
2025-04-21 13:59:34 info: Login attempt for email: test2@gmail.com
2025-04-21 13:59:34 info: Refresh token created for user ID: 2
2025-04-21 14:01:32 info: Login attempt for email: test1@gmail.com
2025-04-21 14:01:33 info: Refresh token created for user ID: 1
2025-04-21 14:03:11 info: Login attempt for email: test4@gamil.com
2025-04-21 14:03:11 warn: Login failed: User not found for email test4@gamil.com
2025-04-21 14:03:12 info: Login attempt for email: test4@gamil.com
2025-04-21 14:03:12 warn: Login failed: User not found for email test4@gamil.com
2025-04-21 14:03:13 info: Login attempt for email: test4@gamil.com
2025-04-21 14:03:13 warn: Login failed: User not found for email test4@gamil.com
2025-04-21 14:03:13 info: Login attempt for email: test4@gamil.com
2025-04-21 14:03:13 warn: Login failed: User not found for email test4@gamil.com
2025-04-21 14:03:14 info: Login attempt for email: test4@gamil.com
2025-04-21 14:03:14 warn: Login failed: User not found for email test4@gamil.com
2025-04-21 14:03:14 info: Login attempt for email: test4@gamil.com
2025-04-21 14:03:14 warn: Login failed: User not found for email test4@gamil.com
2025-04-21 14:03:33 info: Login attempt for email: test4@gamil.com
2025-04-21 14:03:33 info: Refresh token created for user ID: 5
2025-04-21 15:16:11 info: Loading routes...
2025-04-21 15:16:11 info: Loaded route: auth.js mounted under /api
2025-04-21 15:16:11 info: Loaded route: employee.js mounted under /api
2025-04-21 15:16:11 info: Loaded route: user.js mounted under /api
2025-04-21 15:16:11 info: Finished loading routes.
2025-04-21 15:16:11 info: 🚀 Server Running On Port 5000
2025-04-21 15:16:11 info: Database connection verified successfully via models/index.js.
2025-04-21 15:16:15 info: Login attempt for email: test2@gmail.com
2025-04-21 15:16:16 info: Refresh token created for user ID: 2
2025-04-21 15:17:12 info: Login attempt for email: test2@gmail.com
2025-04-21 15:17:12 info: Refresh token created for user ID: 2
2025-04-21 15:19:32 info: Loading routes...
2025-04-21 15:19:32 info: Loaded route: auth.js mounted under /api
2025-04-21 15:19:32 info: Loaded route: employee.js mounted under /api
2025-04-21 15:19:32 info: Loaded route: user.js mounted under /api
2025-04-21 15:19:32 info: Finished loading routes.
2025-04-21 15:19:32 info: 🚀 Server Running On Port 5000
2025-04-21 15:19:32 info: Database connection verified successfully via models/index.js.
2025-04-21 15:19:46 info: Login attempt for email: test2@gmail.com
2025-04-21 15:19:46 info: Refresh token created for user ID: 2
2025-04-21 15:21:21 info: Loading routes...
2025-04-21 15:21:21 info: Loaded route: auth.js mounted under /api
2025-04-21 15:21:21 info: Loaded route: employee.js mounted under /api
2025-04-21 15:21:21 info: Loaded route: user.js mounted under /api
2025-04-21 15:21:21 info: Finished loading routes.
2025-04-21 15:21:21 info: 🚀 Server Running On Port 5000
2025-04-21 15:21:22 info: Database connection verified successfully via models/index.js.
2025-04-21 15:21:28 info: Login attempt for email: test2@gmail.com
2025-04-21 15:21:28 info: Refresh token created for user ID: 2
2025-04-21 15:23:46 warn: Refresh token failed: No token provided in cookie.
2025-04-21 15:23:46 warn: Refresh token failed: No token provided in cookie.
2025-04-21 15:23:54 info: Login attempt for email: test2@gmail.com
2025-04-21 15:23:54 info: Refresh token created for user ID: 2
2025-04-21 15:24:11 info: Loading routes...
2025-04-21 15:24:11 info: Loaded route: auth.js mounted under /api
2025-04-21 15:24:11 info: Loaded route: employee.js mounted under /api
2025-04-21 15:24:11 info: Loaded route: user.js mounted under /api
2025-04-21 15:24:11 info: Finished loading routes.
2025-04-21 15:24:11 info: 🚀 Server Running On Port 5000
2025-04-21 15:24:11 info: Database connection verified successfully via models/index.js.
2025-04-21 15:24:39 info: Login attempt for email: test2@gmail.com
2025-04-21 15:24:39 info: Refresh token created for user ID: 2
2025-04-21 15:24:49 warn: Refresh token failed: No token provided in cookie.
2025-04-21 15:24:49 warn: Refresh token failed: No token provided in cookie.
2025-04-21 15:25:02 info: Login attempt for email: test2@gmail.com
2025-04-21 15:25:03 info: Refresh token created for user ID: 2
2025-04-21 15:25:18 warn: Refresh token failed: No token provided in cookie.
2025-04-21 15:25:18 warn: Refresh token failed: No token provided in cookie.
2025-04-21 15:29:23 info: Loading routes...
2025-04-21 15:29:23 info: Loaded route: auth.js mounted under /api
2025-04-21 15:29:23 info: Loaded route: employee.js mounted under /api
2025-04-21 15:29:23 info: Loaded route: user.js mounted under /api
2025-04-21 15:29:23 info: Finished loading routes.
2025-04-21 15:29:23 info: 🚀 Server Running On Port 5000
2025-04-21 15:29:23 info: Database connection verified successfully via models/index.js.
2025-04-21 15:29:36 info: Login attempt for email: test2@gmail.com
2025-04-21 15:29:37 info: Refresh token created for user ID: 2
2025-04-21 15:29:49 warn: Refresh token failed: No token provided in cookie.
2025-04-21 15:29:49 warn: Refresh token failed: No token provided in cookie.
2025-04-21 15:30:00 info: Login attempt for email: test2@gmail.com
2025-04-21 15:30:00 info: Refresh token created for user ID: 2
2025-04-21 15:30:16 warn: Refresh token failed: No token provided in cookie.
2025-04-21 15:30:16 warn: Refresh token failed: No token provided in cookie.
2025-04-21 15:35:13 info: Login attempt for email: test2@gmail.com
2025-04-21 15:35:13 info: Refresh token created for user ID: 2
2025-04-21 15:35:26 warn: Refresh token failed: No token provided in cookie.
2025-04-21 15:35:26 warn: Refresh token failed: No token provided in cookie.
2025-04-21 15:39:16 info: Login attempt for email: test2@gmail.com
2025-04-21 15:39:16 warn: Login failed: Invalid password for email test2@gmail.com
2025-04-21 15:39:19 info: Login attempt for email: test2@gmail.com
2025-04-21 15:39:19 info: Refresh token created for user ID: 2
2025-04-21 15:50:23 info: Login attempt for email: test2@gmail.com
2025-04-21 15:50:23 info: Refresh token created for user ID: 2
2025-04-21 15:50:34 info: Access token refreshed successfully for user ID: 2
2025-04-21 15:50:34 info: Access token refreshed successfully for user ID: 2
2025-04-21 15:53:49 info: Loading routes...
2025-04-21 15:53:49 info: Loaded route: auth.js mounted under /api
2025-04-21 15:53:49 info: Loaded route: employee.js mounted under /api
2025-04-21 15:53:49 info: Loaded route: user.js mounted under /api
2025-04-21 15:53:49 info: Finished loading routes.
2025-04-21 15:53:49 info: 🚀 Server Running On Port 5000
2025-04-21 15:53:49 info: Database connection verified successfully via models/index.js.
